
> sinema-sistemi@0.0.0 test:run
> vitest run


[1m[30m[46m RUN [49m[39m[22m [36mv4.1.10 [39m[90mC:/Users/pc/Desktop/CineSeat/CineSeat[39m

 [32mÔ£ô[39m src/domain/ticketType.test.js [2m([22m[2m5 tests[22m[2m)[22m[32m 5[2mms[22m[39m
 [32mÔ£ô[39m src/services/errors.test.js [2m([22m[2m3 tests[22m[2m)[22m[32m 4[2mms[22m[39m
 [32mÔ£ô[39m src/context/cartReducer.test.js [2m([22m[2m13 tests[22m[2m)[22m[32m 8[2mms[22m[39m
 [32mÔ£ô[39m src/domain/seatStatus.test.js [2m([22m[2m15 tests[22m[2m)[22m[32m 6[2mms[22m[39m
 [32mÔ£ô[39m src/services/seatService.test.js [2m([22m[2m16 tests[22m[2m)[22m[32m 20[2mms[22m[39m
 [32mÔ£ô[39m src/services/reservationService.test.js [2m([22m[2m3 tests[22m[2m)[22m[32m 10[2mms[22m[39m
node.exe : [90mstderr[2m | src/components/routing/ProtectedRoute.test.jsx[2m > [22m[2mProtectedRoute[2m > [22m[
2mgiri┼ş yapmam─▒┼ş kullan─▒c─▒y─▒ admin rotas─▒ndan ana sayfaya y├Ânlendirir
At line:1 char:1
+ & "C:\Program Files\nodejs/node.exe" "C:\Program Files\nodejs/node_mo ...
+ ~~~~~~~~~~~~~~~~~~~~~~~~~~~~~~~~~~~~~~~~~~~~~~~~~~~~~~~~~~~~~~~~~~~~~
    + CategoryInfo          : NotSpecified: ([90mstderr[2m...ya y├Ânlendirir:String) [], RemoteException
    + FullyQualifiedErrorId : NativeCommandError
 
[22m[39mNo routes matched location "/login" 

 [32mÔ£ô[39m src/pages/SuccessPage.test.jsx [2m([22m[2m2 tests[22m[2m)[22m[32m 127[2mms[22m[39m
[90mstderr[2m | src/components/routing/ProtectedRoute.test.jsx[2m > [22m[2mProtectedRoute[2m > [22m[2mmember ro
l├╝ndeki kullan─▒c─▒y─▒ admin rotas─▒ndan ana sayfaya y├Ânlendirir
[22m[39mNo routes matched location "/login" 

 [31mÔØ»[39m src/components/routing/ProtectedRoute.test.jsx [2m([22m[2m3 tests[22m[2m | [22m[31m2 failed[39m[2m)[22m[32m 53[2mms[22m[39m
[31m     [31m├ù[31m giri┼ş yapmam─▒┼ş kullan─▒c─▒y─▒ admin rotas─▒ndan ana sayfaya y├Ânlendirir[39m[32m 41[2mms[22m[39m
[31m     [31m├ù[31m member rol├╝ndeki kullan─▒c─▒y─▒ admin rotas─▒ndan ana sayfaya y├Ânlendirir[39m[32m 4[2mms[22m[39m
     [32mÔ£ô[39m admin rol├╝ndeki kullan─▒c─▒ya korumal─▒ i├ğeri─şi g├Âsterir[32m 5[2mms[22m[39m
 [32mÔ£ô[39m src/components/seats/Seat.test.jsx [2m([22m[2m5 tests[22m[2m)[22m[32m 149[2mms[22m[39m
 [31mÔØ»[39m src/pages/MovieDetailsPage.test.jsx [2m([22m[2m12 tests[22m[2m | [22m[31m12 failed[39m[2m)[22m[32m 54[2mms[22m[39m
[31m     [31m├ù[31m fragmanYoutubeId yoksa 'Fragman ─░zle' butonu pasiftir[39m[32m 31[2mms[22m[39m
[31m     [31m├ù[31m fragmanYoutubeId varsa butona t─▒klay─▒nca modal + do─şru YouTube iframe a├ğ─▒l─▒r[39m[32m 3[2mms[22m[39m
[31m     [31m├ù[31m kapatma butonuna t─▒klay─▒nca modal kapan─▒r[39m[32m 4[2mms[22m[39m
[31m     [31m├ù[31m Escape tu┼şuna bas─▒nca modal kapan─▒r[39m[32m 3[2mms[22m[39m
[31m     [31m├ù[31m ziyaret├ği i├ğin y─▒ld─▒zlar pasiftir, giri┼ş uyar─▒s─▒ g├Âsterilir[39m[32m 2[2mms[22m[39m
[31m     [31m├ù[31m ├╝ye bir y─▒ld─▒za t─▒klay─▒nca puan─▒ g├Ânderir ve ├Âzet g├╝ncellenir[39m[32m 2[2mms[22m[39m
[31m     [31m├ù[31m ziyaret├ğiye yorum formu yerine giri┼ş uyar─▒s─▒ g├Âsterilir[39m[32m 1[2mms[22m[39m
[31m     [31m├ù[31m hi├ğ yorumu olmayan bir filmde bo┼ş durum mesaj─▒ g├Âsterir[39m[32m 1[2mms[22m[39m
[31m     [31m├ù[31m id 1 filminde tohum (mock) yorumlar listelenir[39m[32m 1[2mms[22m[39m
[31m     [31m├ù[31m ├╝ye, k─▒sa bir yorumla g├Ânder butonunu etkinle┼ştiremez[39m[32m 1[2mms[22m[39m
[31m     [31m├ù[31m ├╝ye ge├ğerli bir yorum g├Ânderince listede g├Âr├╝n├╝r[39m[32m 1[2mms[22m[39m
[31m     [31m├ù[31m ├╝ye kendi yorumunu silebilir, ba┼şkas─▒n─▒n yorumunda d├╝zenle/sil butonu g├Ârmez[39m[32m 1[2mms[22m[39m
[90mstderr[2m | src/pages/HomePage.test.jsx[2m > [22m[2mHomePage - Vizyonda / Yak─▒nda sekmeleri[2m > [22m[2mva
rsay─▒lan olarak Vizyonda sekmesini g├Âsterir
[22m[39mAn error occurred in the <MovieCard> component.

Consider adding an error boundary to your tree to customize error handling behavior.
Visit https://react.dev/link/error-boundaries to learn more about error boundaries.


 [32mÔ£ô[39m src/components/seats/SeatMap.test.jsx [2m([22m[2m5 tests[22m[2m)[22m[33m 305[2mms[22m[39m
 [32mÔ£ô[39m src/services/movieService.test.js [2m([22m[2m27 tests[22m[2m)[22m[33m 428[2mms[22m[39m
     [33m[2mÔ£ô[22m[39m vizyon s├╝resi dolmu┼ş 'Son Tren' filmi getMovieById ile h├ól├ó eri┼şilebilir [33m 413[2mms[22m[39m
 [32mÔ£ô[39m src/pages/CartPage.test.jsx [2m([22m[2m5 tests[22m[2m)[22m[32m 280[2mms[22m[39m
 [32mÔ£ô[39m src/pages/BookingPage.test.jsx [2m([22m[2m9 tests[22m[2m)[22m[33m 918[2mms[22m[39m
[90mstderr[2m | src/pages/HomePage.test.jsx[2m > [22m[2mHomePage - Vizyonda / Yak─▒nda sekmeleri[2m > [22m[2mYa
k─▒nda sekmesine ge├ğince sayfa yenilenmeden ilgili filmleri ve kalan g├╝n say─▒s─▒n─▒ g├Âsterir
[22m[39mAn error occurred in the <MovieCard> component.

Consider adding an error boundary to your tree to customize error handling behavior.
Visit https://react.dev/link/error-boundaries to learn more about error boundaries.


 [31mÔØ»[39m src/pages/LoginPage.test.jsx [2m([22m[2m4 tests[22m[2m | [22m[31m1 failed[39m[2m)[22m[33m 1224[2mms[22m[39m
     [32mÔ£ô[39m render s─▒ras─▒nda React'in 'setState during render' uyar─▒s─▒n─▒ tetiklemeden ana sayfaya y├Ânlendirir[32m 35[2mms[22m[39m
[31m     [31m├ù[31m bo┼ş alanlarla g├Ânderimde genel bir hata g├Âsterir, giri┼ş denemez[39m[32m 116[2mms[22m[39m
     [33m[2mÔ£ô[22m[39m yanl─▒┼ş bilgiyle REQ-21'e uygun genel hata mesaj─▒ g├Âsterir [33m 542[2mms[22m[39m
     [33m[2mÔ£ô[22m[39m do─şru bilgiyle giri┼ş yap─▒nca ana sayfaya y├Ânlendirir ve oturumu kaydeder [33m 530[2mms[22m[39m
 [31mÔØ»[39m src/pages/RegisterPage.test.jsx [2m([22m[2m4 tests[22m[2m | [22m[31m1 failed[39m[2m)[22m[33m 1751[2mms[22m[39m
     [32mÔ£ô[39m zorunlu alanlar bo┼şken alan bazl─▒ hatalar g├Âsterir, kay─▒t denemez[32m 138[2mms[22m[39m
     [32mÔ£ô[39m ┼şifreler e┼şle┼şmezse hata g├Âsterir[32m 38[2mms[22m[39m
[31m     [31m├ù[31m var olan e-posta ile kay─▒t denenirse benzersizlik hatas─▒ g├Âsterir[39m[33m 1035[2mms[22m[39m
     [33m[2mÔ£ô[22m[39m ge├ğerli bilgilerle kay─▒t olunca otomatik giri┼ş yapar ve ana sayfaya y├Ânlendirir [33m 540[2mms[22m[39m
[90mstderr[2m | src/pages/HomePage.test.jsx[2m > [22m[2mHomePage - Vizyonda / Yak─▒nda sekmeleri[2m > [22m[2mbi
r sekmede film yoksa bo┼ş durum mesaj─▒ g├Âsterir
[22m[39mAn error occurred in the <MovieCard> component.

Consider adding an error boundary to your tree to customize error handling behavior.
Visit https://react.dev/link/error-boundaries to learn more about error boundaries.


 [32mÔ£ô[39m src/services/authService.test.js [2m([22m[2m5 tests[22m[2m)[22m[33m 2541[2mms[22m[39m
     [33m[2mÔ£ô[22m[39m do─şru bilgilerle ┼şifresi olmayan kullan─▒c─▒ objesi d├Âner [33m 509[2mms[22m[39m
     [33m[2mÔ£ô[22m[39m yanl─▒┼ş bilgilerle genel bir hata f─▒rlat─▒r (REQ-21) [33m 513[2mms[22m[39m
     [33m[2mÔ£ô[22m[39m yeni kullan─▒c─▒y─▒ ┼şifresiz d├Âner ve role her zaman member olur [33m 505[2mms[22m[39m
     [33m[2mÔ£ô[22m[39m var olan e-postayla kayda izin vermez [33m 512[2mms[22m[39m
     [33m[2mÔ£ô[22m[39m var olan kullan─▒c─▒ ad─▒yla kayda izin vermez [33m 501[2mms[22m[39m
[90mstderr[2m | src/pages/HomePage.test.jsx[2m > [22m[2mHomePage - Vizyonda / Yak─▒nda sekmeleri[2m > [22m[2mvi
zyon s├╝resi dolan (ar┼şivlenmi┼ş) filmi hi├ğbir sekmede g├Âstermez
[22m[39mAn error occurred in the <MovieCard> component.

Consider adding an error boundary to your tree to customize error handling behavior.
Visit https://react.dev/link/error-boundaries to learn more about error boundaries.


 [32mÔ£ô[39m src/services/ratingService.test.js [2m([22m[2m8 tests[22m[2m)[22m[33m 3599[2mms[22m[39m
     [33m[2mÔ£ô[22m[39m submitRating sonras─▒ ortalama ve oy say─▒s─▒ g├╝ncellenir [33m 306[2mms[22m[39m
     [33m[2mÔ£ô[22m[39m ayn─▒ kullan─▒c─▒ tekrar puanlarsa ├Ânceki puan─▒n─▒n ├╝zerine yazar (yeni oy eklenmez) [33m 624[2mms[22m[39m
     [33m[2mÔ£ô[22m[39m farkl─▒ kullan─▒c─▒lar puanlarsa ortalama do─şru hesaplan─▒r [33m 607[2mms[22m[39m
     [33m[2mÔ£ô[22m[39m ge├ğersiz puan (0, 6, ondal─▒k) reddedilir [33m 937[2mms[22m[39m
     [33m[2mÔ£ô[22m[39m getUserRating, kullan─▒c─▒n─▒n verdi─şi puan─▒ d├Âner [33m 456[2mms[22m[39m
     [33m[2mÔ£ô[22m[39m seed ortalamas─▒ olan bir film (id 1) i├ğin kullan─▒c─▒ puan─▒ seed'in ├╝zerine a─ş─▒rl─▒kl─▒ eklenir [33m 304[2mms[22m[39m
[90mstderr[2m | src/pages/HomePage.test.jsx[2m > [22m[2mHomePage ÔÇö S─▒ralama ve filtreleme (1.3.3 / 1.3.4)[2m >
 [22m[2mvarsay─▒lan s─▒ralama vizyon tarihine g├Âre yeniden eskiyedir
[22m[39mAn error occurred in the <MovieCard> component.

Consider adding an error boundary to your tree to customize error handling behavior.
Visit https://react.dev/link/error-boundaries to learn more about error boundaries.


[90mstderr[2m | src/pages/HomePage.test.jsx[2m > [22m[2mHomePage ÔÇö S─▒ralama ve filtreleme (1.3.3 / 1.3.4)[2m >
 [22m[2mpuana g├Âre s─▒ralama se├ğilince s─▒ray─▒ de─şi┼ştirir
[22m[39mAn error occurred in the <MovieCard> component.

Consider adding an error boundary to your tree to customize error handling behavior.
Visit https://react.dev/link/error-boundaries to learn more about error boundaries.


[90mstderr[2m | src/pages/HomePage.test.jsx[2m > [22m[2mHomePage ÔÇö S─▒ralama ve filtreleme (1.3.3 / 1.3.4)[2m >
 [22m[2mt├╝re g├Âre filtreleyince e┼şle┼şmeyen filmi gizler
[22m[39mAn error occurred in the <MovieCard> component.

Consider adding an error boundary to your tree to customize error handling behavior.
Visit https://react.dev/link/error-boundaries to learn more about error boundaries.


[90mstderr[2m | src/pages/HomePage.test.jsx[2m > [22m[2mHomePage ÔÇö S─▒ralama ve filtreleme (1.3.3 / 1.3.4)[2m >
 [22m[2mfiltre sonucu bo┼şsa 'e┼şle┼şen film yok' mesaj─▒ g├Âsterir
[22m[39mAn error occurred in the <MovieCard> component.

Consider adding an error boundary to your tree to customize error handling behavior.
Visit https://react.dev/link/error-boundaries to learn more about error boundaries.


 [32mÔ£ô[39m src/services/commentService.test.js [2m([22m[2m12 tests[22m[2m)[22m[33m 7757[2mms[22m[39m
     [33m[2mÔ£ô[22m[39m getCommentsByMovieId, tohum (seed) yorumlar─▒ film id'sine g├Âre d├Âner [33m 302[2mms[22m[39m
     [33m[2mÔ£ô[22m[39m hi├ğ yorumu olmayan bir film i├ğin bo┼ş dizi d├Âner [33m 303[2mms[22m[39m
     [33m[2mÔ£ô[22m[39m addComment, 10 karakterden k─▒sa yorumu reddeder [33m 401[2mms[22m[39m
     [33m[2mÔ£ô[22m[39m addComment, 500 karakterden uzun yorumu reddeder [33m 401[2mms[22m[39m
     [33m[2mÔ£ô[22m[39m addComment, yasakl─▒ kelime i├ğeren yorumu reddeder [33m 401[2mms[22m[39m
     [33m[2mÔ£ô[22m[39m addComment, ge├ğerli yorumu kaydeder ve listede g├Âr├╝n├╝r [33m 706[2mms[22m[39m
     [33m[2mÔ£ô[22m[39m yeni yorumlar en ├╝stte listelenir (tarihe g├Âre yeniden eskiye) [33m 1128[2mms[22m[39m
     [33m[2mÔ£ô[22m[39m updateComment, yaln─▒zca yorumun sahibi taraf─▒ndan d├╝zenlenebilir [33m 822[2mms[22m[39m
     [33m[2mÔ£ô[22m[39m updateComment, sahibi taraf─▒ndan ├ğa─şr─▒l─▒nca metni g├╝nceller [33m 817[2mms[22m[39m
     [33m[2mÔ£ô[22m[39m deleteComment, yaln─▒zca yorumun sahibi taraf─▒ndan silinebilir [33m 715[2mms[22m[39m
     [33m[2mÔ£ô[22m[39m deleteComment, sahibi taraf─▒ndan ├ğa─şr─▒l─▒nca yorumu kald─▒r─▒r [33m 1036[2mms[22m[39m
     [33m[2mÔ£ô[22m[39m var olmayan bir yorumu g├╝ncellemeye/silmeye ├ğal─▒┼şmak hata f─▒rlat─▒r [33m 722[2mms[22m[39m
 [31mÔØ»[39m src/pages/HomePage.test.jsx [2m([22m[2m8 tests[22m[2m | [22m[31m8 failed[39m[2m)[22m[33m 8096[2mms[22m[39m
[31m     [31m├ù[31m varsay─▒lan olarak Vizyonda sekmesini g├Âsterir[39m[33m 1032[2mms[22m[39m
[31m     [31m├ù[31m Yak─▒nda sekmesine ge├ğince sayfa yenilenmeden ilgili filmleri ve kalan g├╝n say─▒s─▒n─▒ g├Âsterir[39m[33m 1009[2mms[22m[39m
[31m     [31m├ù[31m bir sekmede film yoksa bo┼ş durum mesaj─▒ g├Âsterir[39m[33m 1006[2mms[22m[39m
[31m     [31m├ù[31m vizyon s├╝resi dolan (ar┼şivlenmi┼ş) filmi hi├ğbir sekmede g├Âstermez[39m[33m 1004[2mms[22m[39m
[31m     [31m├ù[31m varsay─▒lan s─▒ralama vizyon tarihine g├Âre yeniden eskiyedir[39m[33m 1011[2mms[22m[39m
[31m     [31m├ù[31m puana g├Âre s─▒ralama se├ğilince s─▒ray─▒ de─şi┼ştirir[39m[33m 1003[2mms[22m[39m
[31m     [31m├ù[31m t├╝re g├Âre filtreleyince e┼şle┼şmeyen filmi gizler[39m[33m 1018[2mms[22m[39m
[31m     [31m├ù[31m filtre sonucu bo┼şsa 'e┼şle┼şen film yok' mesaj─▒ g├Âsterir[39m[33m 1012[2mms[22m[39m

[31mÔÄ»ÔÄ»ÔÄ»ÔÄ»ÔÄ»ÔÄ»[39m[1m[41m Failed Tests 24 [49m[22m[31mÔÄ»ÔÄ»ÔÄ»ÔÄ»ÔÄ»ÔÄ»ÔÄ»[39m

[41m[1m FAIL [22m[49m src/pages/HomePage.test.jsx[2m > [22mHomePage - Vizyonda / Yak─▒nda sekmeleri[2m > [22mva
rsay─▒lan olarak Vizyonda sekmesini g├Âsterir
[31m[1mTestingLibraryElementError[22m: Unable to find role="heading" and name "Neon Ya─şmuru"

Ignored nodes: comments, script, style
[36m<body>[31m
  [36m<div />[31m
[36m</body>[31m

Ignored nodes: comments, script, style
[36m<body>[31m
  [36m<div />[31m
[36m</body>[31m[39m
[90m [2mÔØ»[22m waitForWrapper ../node_modules/@testing-library/dom/dist/wait-for.js:[2m163:27[22m[39m
[90m [2mÔØ»[22m ../node_modules/@testing-library/dom/dist/query-helpers.js:[2m86:33[22m[39m
[36m [2mÔØ»[22m src/pages/HomePage.test.jsx:[2m129:20[22m[39m
    [90m127|[39m
    [90m128|[39m     [34mexpect[39m(
    [90m129|[39m       [35mawait[39m screen[33m.[39m[34mfindByRole[39m([32m"heading"[39m[33m,[39m {
    [90m   |[39m                    [31m^[39m
    [90m130|[39m         name[33m:[39m [32m"Neon Ya─şmuru"[39m[33m,[39m
    [90m131|[39m       })

[31m[2mÔÄ»ÔÄ»ÔÄ»ÔÄ»ÔÄ»ÔÄ»ÔÄ»ÔÄ»ÔÄ»ÔÄ»ÔÄ»ÔÄ»ÔÄ»ÔÄ»ÔÄ»ÔÄ»ÔÄ»ÔÄ»ÔÄ»ÔÄ»ÔÄ»ÔÄ»ÔÄ»[1/24]ÔÄ»[22m[39m

[41m[1m FAIL [22m[49m src/pages/HomePage.test.jsx[2m > [22mHomePage - Vizyonda / Yak─▒nda sekmeleri[2m > [22mYa
k─▒nda sekmesine ge├ğince sayfa yenilenmeden ilgili filmleri ve kalan g├╝n say─▒s─▒n─▒ g├Âsterir
[31m[1mTestingLibraryElementError[22m: Unable to find role="heading" and name "Neon Ya─şmuru"

Ignored nodes: comments, script, style
[36m<body>[31m
  [36m<div />[31m
[36m</body>[31m

Ignored nodes: comments, script, style
[36m<body>[31m
  [36m<div />[31m
[36m</body>[31m[39m
[90m [2mÔØ»[22m waitForWrapper ../node_modules/@testing-library/dom/dist/wait-for.js:[2m163:27[22m[39m
[90m [2mÔØ»[22m ../node_modules/@testing-library/dom/dist/query-helpers.js:[2m86:33[22m[39m
[36m [2mÔØ»[22m src/pages/HomePage.test.jsx:[2m149:18[22m[39m
    [90m147|[39m     [34mrenderHomePage[39m()[33m;[39m
    [90m148|[39m
    [90m149|[39m     [35mawait[39m screen[33m.[39m[34mfindByRole[39m([32m"heading"[39m[33m,[39m {
    [90m   |[39m                  [31m^[39m
    [90m150|[39m       name[33m:[39m [32m"Neon Ya─şmuru"[39m[33m,[39m
    [90m151|[39m     })[33m;[39m

[31m[2mÔÄ»ÔÄ»ÔÄ»ÔÄ»ÔÄ»ÔÄ»ÔÄ»ÔÄ»ÔÄ»ÔÄ»ÔÄ»ÔÄ»ÔÄ»ÔÄ»ÔÄ»ÔÄ»ÔÄ»ÔÄ»ÔÄ»ÔÄ»ÔÄ»ÔÄ»ÔÄ»[2/24]ÔÄ»[22m[39m

[41m[1m FAIL [22m[49m src/pages/HomePage.test.jsx[2m > [22mHomePage - Vizyonda / Yak─▒nda sekmeleri[2m > [22mbi
r sekmede film yoksa bo┼ş durum mesaj─▒ g├Âsterir
[31m[1mTestingLibraryElementError[22m: Unable to find role="heading" and name "Neon Ya─şmuru"

Ignored nodes: comments, script, style
[36m<body>[31m
  [36m<div />[31m
[36m</body>[31m

Ignored nodes: comments, script, style
[36m<body>[31m
  [36m<div />[31m
[36m</body>[31m[39m
[90m [2mÔØ»[22m waitForWrapper ../node_modules/@testing-library/dom/dist/wait-for.js:[2m163:27[22m[39m
[90m [2mÔØ»[22m ../node_modules/@testing-library/dom/dist/query-helpers.js:[2m86:33[22m[39m
[36m [2mÔØ»[22m src/pages/HomePage.test.jsx:[2m185:18[22m[39m
    [90m183|[39m     [34mrenderHomePage[39m()[33m;[39m
    [90m184|[39m
    [90m185|[39m     [35mawait[39m screen[33m.[39m[34mfindByRole[39m([32m"heading"[39m[33m,[39m {
    [90m   |[39m                  [31m^[39m
    [90m186|[39m       name[33m:[39m [32m"Neon Ya─şmuru"[39m[33m,[39m
    [90m187|[39m     })[33m;[39m

[31m[2mÔÄ»ÔÄ»ÔÄ»ÔÄ»ÔÄ»ÔÄ»ÔÄ»ÔÄ»ÔÄ»ÔÄ»ÔÄ»ÔÄ»ÔÄ»ÔÄ»ÔÄ»ÔÄ»ÔÄ»ÔÄ»ÔÄ»ÔÄ»ÔÄ»ÔÄ»ÔÄ»[3/24]ÔÄ»[22m[39m

[41m[1m FAIL [22m[49m src/pages/HomePage.test.jsx[2m > [22mHomePage - Vizyonda / Yak─▒nda sekmeleri[2m > [22mvi
zyon s├╝resi dolan (ar┼şivlenmi┼ş) filmi hi├ğbir sekmede g├Âstermez
[31m[1mTestingLibraryElementError[22m: Unable to find role="heading" and name "Neon Ya─şmuru"

Ignored nodes: comments, script, style
[36m<body>[31m
  [36m<div />[31m
[36m</body>[31m

Ignored nodes: comments, script, style
[36m<body>[31m
  [36m<div />[31m
[36m</body>[31m[39m
[90m [2mÔØ»[22m waitForWrapper ../node_modules/@testing-library/dom/dist/wait-for.js:[2m163:27[22m[39m
[90m [2mÔØ»[22m ../node_modules/@testing-library/dom/dist/query-helpers.js:[2m86:33[22m[39m
[36m [2mÔØ»[22m src/pages/HomePage.test.jsx:[2m209:18[22m[39m
    [90m207|[39m     [34mrenderHomePage[39m()[33m;[39m
    [90m208|[39m
    [90m209|[39m     [35mawait[39m screen[33m.[39m[34mfindByRole[39m([32m"heading"[39m[33m,[39m {
    [90m   |[39m                  [31m^[39m
    [90m210|[39m       name[33m:[39m [32m"Neon Ya─şmuru"[39m[33m,[39m
    [90m211|[39m     })[33m;[39m

[31m[2mÔÄ»ÔÄ»ÔÄ»ÔÄ»ÔÄ»ÔÄ»ÔÄ»ÔÄ»ÔÄ»ÔÄ»ÔÄ»ÔÄ»ÔÄ»ÔÄ»ÔÄ»ÔÄ»ÔÄ»ÔÄ»ÔÄ»ÔÄ»ÔÄ»ÔÄ»ÔÄ»[4/24]ÔÄ»[22m[39m

[41m[1m FAIL [22m[49m src/pages/HomePage.test.jsx[2m > [22mHomePage ÔÇö S─▒ralama ve filtreleme (1.3.3 / 1.3.4)[
2m > [22mvarsay─▒lan s─▒ralama vizyon tarihine g├Âre yeniden eskiyedir
[31m[1mTestingLibraryElementError[22m: Unable to find role="heading"

Ignored nodes: comments, script, style
[36m<body>[31m
  [36m<div />[31m
[36m</body>[31m

Ignored nodes: comments, script, style
[36m<body>[31m
  [36m<div />[31m
[36m</body>[31m[39m
[90m [2mÔØ»[22m waitForWrapper ../node_modules/@testing-library/dom/dist/wait-for.js:[2m163:27[22m[39m
[90m [2mÔØ»[22m ../node_modules/@testing-library/dom/dist/query-helpers.js:[2m86:33[22m[39m
[36m [2mÔØ»[22m src/pages/HomePage.test.jsx:[2m244:35[22m[39m
    [90m242|[39m     [34mrenderHomePage[39m()[33m;[39m
    [90m243|[39m
    [90m244|[39m     [35mconst[39m headings [33m=[39m [35mawait[39m screen[33m.[39m[34mfindAllByRole[39m([
32m"heading"[39m[33m,[39m {
    [90m   |[39m                                   [31m^[39m
    [90m245|[39m       level[33m:[39m [34m2[39m[33m,[39m
    [90m246|[39m     })[33m;[39m

[31m[2mÔÄ»ÔÄ»ÔÄ»ÔÄ»ÔÄ»ÔÄ»ÔÄ»ÔÄ»ÔÄ»ÔÄ»ÔÄ»ÔÄ»ÔÄ»ÔÄ»ÔÄ»ÔÄ»ÔÄ»ÔÄ»ÔÄ»ÔÄ»ÔÄ»ÔÄ»ÔÄ»[5/24]ÔÄ»[22m[39m

[41m[1m FAIL [22m[49m src/pages/HomePage.test.jsx[2m > [22mHomePage ÔÇö S─▒ralama ve filtreleme (1.3.3 / 1.3.4)[
2m > [22mpuana g├Âre s─▒ralama se├ğilince s─▒ray─▒ de─şi┼ştirir
[31m[1mTestingLibraryElementError[22m: Unable to find role="heading" and name "Neon Ya─şmuru"

Ignored nodes: comments, script, style
[36m<body>[31m
  [36m<div />[31m
[36m</body>[31m

Ignored nodes: comments, script, style
[36m<body>[31m
  [36m<div />[31m
[36m</body>[31m[39m
[90m [2mÔØ»[22m waitForWrapper ../node_modules/@testing-library/dom/dist/wait-for.js:[2m163:27[22m[39m
[90m [2mÔØ»[22m ../node_modules/@testing-library/dom/dist/query-helpers.js:[2m86:33[22m[39m
[36m [2mÔØ»[22m src/pages/HomePage.test.jsx:[2m262:18[22m[39m
    [90m260|[39m     [34mrenderHomePage[39m()[33m;[39m
    [90m261|[39m
    [90m262|[39m     [35mawait[39m screen[33m.[39m[34mfindByRole[39m([32m"heading"[39m[33m,[39m {
    [90m   |[39m                  [31m^[39m
    [90m263|[39m       name[33m:[39m [32m"Neon Ya─şmuru"[39m[33m,[39m
    [90m264|[39m     })[33m;[39m

[31m[2mÔÄ»ÔÄ»ÔÄ»ÔÄ»ÔÄ»ÔÄ»ÔÄ»ÔÄ»ÔÄ»ÔÄ»ÔÄ»ÔÄ»ÔÄ»ÔÄ»ÔÄ»ÔÄ»ÔÄ»ÔÄ»ÔÄ»ÔÄ»ÔÄ»ÔÄ»ÔÄ»[6/24]ÔÄ»[22m[39m

[41m[1m FAIL [22m[49m src/pages/HomePage.test.jsx[2m > [22mHomePage ÔÇö S─▒ralama ve filtreleme (1.3.3 / 1.3.4)[
2m > [22mt├╝re g├Âre filtreleyince e┼şle┼şmeyen filmi gizler
[31m[1mTestingLibraryElementError[22m: Unable to find role="heading" and name "Neon Ya─şmuru"

Ignored nodes: comments, script, style
[36m<body>[31m
  [36m<div />[31m
[36m</body>[31m

Ignored nodes: comments, script, style
[36m<body>[31m
  [36m<div />[31m
[36m</body>[31m[39m
[90m [2mÔØ»[22m waitForWrapper ../node_modules/@testing-library/dom/dist/wait-for.js:[2m163:27[22m[39m
[90m [2mÔØ»[22m ../node_modules/@testing-library/dom/dist/query-helpers.js:[2m86:33[22m[39m
[36m [2mÔØ»[22m src/pages/HomePage.test.jsx:[2m288:18[22m[39m
    [90m286|[39m     [34mrenderHomePage[39m()[33m;[39m
    [90m287|[39m
    [90m288|[39m     [35mawait[39m screen[33m.[39m[34mfindByRole[39m([32m"heading"[39m[33m,[39m {
    [90m   |[39m                  [31m^[39m
    [90m289|[39m       name[33m:[39m [32m"Neon Ya─şmuru"[39m[33m,[39m
    [90m290|[39m     })[33m;[39m

[31m[2mÔÄ»ÔÄ»ÔÄ»ÔÄ»ÔÄ»ÔÄ»ÔÄ»ÔÄ»ÔÄ»ÔÄ»ÔÄ»ÔÄ»ÔÄ»ÔÄ»ÔÄ»ÔÄ»ÔÄ»ÔÄ»ÔÄ»ÔÄ»ÔÄ»ÔÄ»ÔÄ»[7/24]ÔÄ»[22m[39m

[41m[1m FAIL [22m[49m src/pages/HomePage.test.jsx[2m > [22mHomePage ÔÇö S─▒ralama ve filtreleme (1.3.3 / 1.3.4)[
2m > [22mfiltre sonucu bo┼şsa 'e┼şle┼şen film yok' mesaj─▒ g├Âsterir
[31m[1mTestingLibraryElementError[22m: Unable to find role="heading" and name "Neon Ya─şmuru"

Ignored nodes: comments, script, style
[36m<body>[31m
  [36m<div />[31m
[36m</body>[31m

Ignored nodes: comments, script, style
[36m<body>[31m
  [36m<div />[31m
[36m</body>[31m[39m
[90m [2mÔØ»[22m waitForWrapper ../node_modules/@testing-library/dom/dist/wait-for.js:[2m163:27[22m[39m
[90m [2mÔØ»[22m ../node_modules/@testing-library/dom/dist/query-helpers.js:[2m86:33[22m[39m
[36m [2mÔØ»[22m src/pages/HomePage.test.jsx:[2m314:18[22m[39m
    [90m312|[39m     [34mrenderHomePage[39m()[33m;[39m
    [90m313|[39m
    [90m314|[39m     [35mawait[39m screen[33m.[39m[34mfindByRole[39m([32m"heading"[39m[33m,[39m {
    [90m   |[39m                  [31m^[39m
    [90m315|[39m       name[33m:[39m [32m"Neon Ya─şmuru"[39m[33m,[39m
    [90m316|[39m     })[33m;[39m

[31m[2mÔÄ»ÔÄ»ÔÄ»ÔÄ»ÔÄ»ÔÄ»ÔÄ»ÔÄ»ÔÄ»ÔÄ»ÔÄ»ÔÄ»ÔÄ»ÔÄ»ÔÄ»ÔÄ»ÔÄ»ÔÄ»ÔÄ»ÔÄ»ÔÄ»ÔÄ»ÔÄ»[8/24]ÔÄ»[22m[39m

[41m[1m FAIL [22m[49m src/pages/LoginPage.test.jsx[2m > [22mLoginPage ÔÇö giri┼ş ak─▒┼ş─▒[2m > [22mbo┼ş alanlar
la g├Ânderimde genel bir hata g├Âsterir, giri┼ş denemez
[31m[1mTestingLibraryElementError[22m: Unable to find an element with the text: E-posta ve ┼şifre alanlar─▒n─▒ doldu
runuz.. This could be because the text is broken up by multiple elements. In this case, you can provide a function for 
your text matcher to make your matcher more flexible.

Ignored nodes: comments, script, style
[36m<body>[31m
  [36m<div>[31m
    [36m<section[31m
      [33mclass[31m=[32m"auth-section"[31m
    [36m>[31m
      [36m<div[31m
        [33mclass[31m=[32m"auth-card"[31m
      [36m>[31m
        [36m<div[31m
          [33mclass[31m=[32m"auth-header"[31m
        [36m>[31m
          [36m<h1>[31m
            [0mGiri┼ş Yap[0m
          [36m</h1>[31m
          [36m<p>[31m
            [0mCineSeat hesab─▒n─▒za giri┼ş yap─▒n[0m
          [36m</p>[31m
        [36m</div>[31m
        [36m<form[31m
          [33mclass[31m=[32m"auth-form"[31m
          [33mnovalidate[31m=[32m""[31m
        [36m>[31m
          [36m<div[31m
            [33mclass[31m=[32m"auth-field"[31m
          [36m>[31m
            [36m<label[31m
              [33mfor[31m=[32m"login-email"[31m
            [36m>[31m
              [0mE-posta[0m
            [36m</label>[31m
            [36m<input[31m
              [33mautocomplete[31m=[32m"email"[31m
              [33mid[31m=[32m"login-email"[31m
              [33mname[31m=[32m"email"[31m
              [33mplaceholder[31m=[32m"ornek@cineseat.com"[31m
              [33mtype[31m=[32m"email"[31m
              [33mvalue[31m=[32m""[31m
            [36m/>[31m
            [36m<span[31m
              [33mclass[31m=[32m"auth-field-error"[31m
            [36m>[31m
              [0mE-posta zorunludur.[0m
            [36m</span>[31m
          [36m</div>[31m
          [36m<div[31m
            [33mclass[31m=[32m"auth-field"[31m
          [36m>[31m
            [36m<label[31m
              [33mfor[31m=[32m"login-password"[31m
            [36m>[31m
              [0m┼Şifre[0m
            [36m</label>[31m
            [36m<input[31m
              [33mautocomplete[31m=[32m"current-password"[31m
              [33mid[31m=[32m"login-password"[31m
              [33mname[31m=[32m"password"[31m
              [33mplaceholder[31m=[32m"┼Şifrenizi giriniz"[31m
              [33mtype[31m=[32m"password"[31m
              [33mvalue[31m=[32m""[31m
            [36m/>[31m
          [36m</div>[31m
          [36m<button[31m
            [33mclass[31m=[32m"primary-button auth-submit"[31m
            [33mtype[31m=[32m"submit"[31m
          [36m>[31m
            [0mGiri┼ş Yap[0m
          [36m</button>[31m
        [36m</form>[31m
        [36m<p[31m
          [33mclass[31m=[32m"auth-footer-text"[31m
        [36m>[31m
          [0mHesab─▒n─▒z yok mu?[0m
          [0m [0m
          [36m<a[31m
            [33mclass[31m=[32m"auth-link"[31m
            [33mdata-discover[31m=[32m"true"[31m
            [33mhref[31m=[32m"/register"[31m
          [36m>[31m
            [0mKay─▒t Ol[0m
          [36m</a>[31m
        [36m</p>[31m
      [36m</div>[31m
    [36m</section>[31m
  [36m</div>[31m
[36m</body>[31m[39m
[90m [2mÔØ»[22m Object.getElementError ../node_modules/@testing-library/dom/dist/config.js:[2m37:19[22m[39m
[90m [2mÔØ»[22m ../node_modules/@testing-library/dom/dist/query-helpers.js:[2m76:38[22m[39m
[90m [2mÔØ»[22m ../node_modules/@testing-library/dom/dist/query-helpers.js:[2m52:17[22m[39m
[90m [2mÔØ»[22m ../node_modules/@testing-library/dom/dist/query-helpers.js:[2m95:19[22m[39m
[36m [2mÔØ»[22m src/pages/LoginPage.test.jsx:[2m97:14[22m[39m
    [90m 95|[39m
    [90m 96|[39m     [34mexpect[39m(
    [90m 97|[39m       screen[33m.[39m[34mgetByText[39m(
    [90m   |[39m              [31m^[39m
    [90m 98|[39m         [32m"E-posta ve ┼şifre alanlar─▒n─▒ doldurunuz."[39m
    [90m 99|[39m       )

[31m[2mÔÄ»ÔÄ»ÔÄ»ÔÄ»ÔÄ»ÔÄ»ÔÄ»ÔÄ»ÔÄ»ÔÄ»ÔÄ»ÔÄ»ÔÄ»ÔÄ»ÔÄ»ÔÄ»ÔÄ»ÔÄ»ÔÄ»ÔÄ»ÔÄ»ÔÄ»ÔÄ»[9/24]ÔÄ»[22m[39m

[41m[1m FAIL [22m[49m src/pages/MovieDetailsPage.test.jsx[2m > [22mMovieDetailsPage ÔÇö Fragman modal─▒ (1.3.8)[
2m > [22mfragmanYoutubeId yoksa 'Fragman ─░zle' butonu pasiftir
[41m[1m FAIL [22m[49m src/pages/MovieDetailsPage.test.jsx[2m > [22mMovieDetailsPage ÔÇö Fragman modal─▒ (1.3.8)[
2m > [22mfragmanYoutubeId varsa butona t─▒klay─▒nca modal + do─şru YouTube iframe a├ğ─▒l─▒r
[41m[1m FAIL [22m[49m src/pages/MovieDetailsPage.test.jsx[2m > [22mMovieDetailsPage ÔÇö Fragman modal─▒ (1.3.8)[
2m > [22mkapatma butonuna t─▒klay─▒nca modal kapan─▒r
[41m[1m FAIL [22m[49m src/pages/MovieDetailsPage.test.jsx[2m > [22mMovieDetailsPage ÔÇö Fragman modal─▒ (1.3.8)[
2m > [22mEscape tu┼şuna bas─▒nca modal kapan─▒r
[41m[1m FAIL [22m[49m src/pages/MovieDetailsPage.test.jsx[2m > [22mMovieDetailsPage ÔÇö Puanlama (1.3.9)[2m > [
22mziyaret├ği i├ğin y─▒ld─▒zlar pasiftir, giri┼ş uyar─▒s─▒ g├Âsterilir
[41m[1m FAIL [22m[49m src/pages/MovieDetailsPage.test.jsx[2m > [22mMovieDetailsPage ÔÇö Puanlama (1.3.9)[2m > [
22m├╝ye bir y─▒ld─▒za t─▒klay─▒nca puan─▒ g├Ânderir ve ├Âzet g├╝ncellenir
[41m[1m FAIL [22m[49m src/pages/MovieDetailsPage.test.jsx[2m > [22mMovieDetailsPage ÔÇö Yorumlar (1.3.10 / 1.3.11
)[2m > [22mziyaret├ğiye yorum formu yerine giri┼ş uyar─▒s─▒ g├Âsterilir
[41m[1m FAIL [22m[49m src/pages/MovieDetailsPage.test.jsx[2m > [22mMovieDetailsPage ÔÇö Yorumlar (1.3.10 / 1.3.11
)[2m > [22mhi├ğ yorumu olmayan bir filmde bo┼ş durum mesaj─▒ g├Âsterir
[41m[1m FAIL [22m[49m src/pages/MovieDetailsPage.test.jsx[2m > [22mMovieDetailsPage ÔÇö Yorumlar (1.3.10 / 1.3.11
)[2m > [22mid 1 filminde tohum (mock) yorumlar listelenir
[41m[1m FAIL [22m[49m src/pages/MovieDetailsPage.test.jsx[2m > [22mMovieDetailsPage ÔÇö Yorumlar (1.3.10 / 1.3.11
)[2m > [22m├╝ye, k─▒sa bir yorumla g├Ânder butonunu etkinle┼ştiremez
[41m[1m FAIL [22m[49m src/pages/MovieDetailsPage.test.jsx[2m > [22mMovieDetailsPage ÔÇö Yorumlar (1.3.10 / 1.3.11
)[2m > [22m├╝ye ge├ğerli bir yorum g├Ânderince listede g├Âr├╝n├╝r
[41m[1m FAIL [22m[49m src/pages/MovieDetailsPage.test.jsx[2m > [22mMovieDetailsPage ÔÇö Yorumlar (1.3.10 / 1.3.11
)[2m > [22m├╝ye kendi yorumunu silebilir, ba┼şkas─▒n─▒n yorumunda d├╝zenle/sil butonu g├Ârmez
[31m[1mError[22m: useWatchlist must be used within a WatchlistProvider[39m
[36m [2mÔØ»[22m useWatchlist src/context/WatchlistContext.jsx:[2m88:11[22m[39m
    [90m 86|[39m   [35mconst[39m context [33m=[39m [34museContext[39m([33mWatchlistContext[39m)[33m;[39m
    [90m 87|[39m   [35mif[39m ([33m![39mcontext) {
    [90m 88|[39m     throw new Error("useWatchlist must be used within a WatchlistProviÔÇĞ
    [90m   |[39m           [31m^[39m
    [90m 89|[39m   }
    [90m 90|[39m   [35mreturn[39m context[33m;[39m
[90m [2mÔØ»[22m MovieDetailsPage src/pages/MovieDetailsPage.jsx:[2m21:42[22m[39m
[90m [2mÔØ»[22m Object.react_stack_bottom_frame ../node_modules/react-dom/cjs/react-dom-client.development.js:[2m25
904:20[22m[39m
[90m [2mÔØ»[22m renderWithHooks ../node_modules/react-dom/cjs/react-dom-client.development.js:[2m7662:22[22m[39m
[90m [2mÔØ»[22m updateFunctionComponent ../node_modules/react-dom/cjs/react-dom-client.development.js:[2m10166:19[
22m[39m
[90m [2mÔØ»[22m beginWork ../node_modules/react-dom/cjs/react-dom-client.development.js:[2m11778:18[22m[39m
[90m [2mÔØ»[22m runWithFiberInDEV ../node_modules/react-dom/cjs/react-dom-client.development.js:[2m874:13[22m[39m
[90m [2mÔØ»[22m performUnitOfWork ../node_modules/react-dom/cjs/react-dom-client.development.js:[2m17641:22[22m[3
9m
[90m [2mÔØ»[22m workLoopSync ../node_modules/react-dom/cjs/react-dom-client.development.js:[2m17469:41[22m[39m
[90m [2mÔØ»[22m renderRootSync ../node_modules/react-dom/cjs/react-dom-client.development.js:[2m17450:11[22m[39m

[31m[2mÔÄ»ÔÄ»ÔÄ»ÔÄ»ÔÄ»ÔÄ»ÔÄ»ÔÄ»ÔÄ»ÔÄ»ÔÄ»ÔÄ»ÔÄ»ÔÄ»ÔÄ»ÔÄ»ÔÄ»ÔÄ»ÔÄ»ÔÄ»ÔÄ»ÔÄ»[10/24]ÔÄ»[22m[39m

[41m[1m FAIL [22m[49m src/pages/RegisterPage.test.jsx[2m > [22mRegisterPage[2m > [22mvar olan e-posta ile kay─▒
t denenirse benzersizlik hatas─▒ g├Âsterir
[31m[1mTestingLibraryElementError[22m[39m: Unable to find an element with the text: Bu e-posta adresi zaten kay─▒tl
─▒.. This could be because the text is broken up by multiple elements. In this case, you can provide a function for you
r text matcher to make your matcher more flexible.

Ignored nodes: comments, script, style
[36m<body>[39m
  [36m<div>[39m
    [36m<section[39m
      [33mclass[39m=[32m"auth-section"[39m
    [36m>[39m
      [36m<div[39m
        [33mclass[39m=[32m"auth-card auth-card--wide"[39m
      [36m>[39m
        [36m<div[39m
          [33mclass[39m=[32m"auth-header"[39m
        [36m>[39m
          [36m<h1>[39m
            [0mKay─▒t Ol[0m
          [36m</h1>[39m
          [36m<p>[39m
            [0mYeni bir CineSeat hesab─▒ olu┼şturun[0m
          [36m</p>[39m
        [36m</div>[39m
        [36m<form[39m
          [33mclass[39m=[32m"auth-form"[39m
          [33mnovalidate[39m=[32m""[39m
        [36m>[39m
          [36m<div[39m
            [33mclass[39m=[32m"auth-row"[39m
          [36m>[39m
            [36m<div[39m
              [33mclass[39m=[32m"auth-field"[39m
            [36m>[39m
              [36m<label[39m
                [33mfor[39m=[32m"reg-firstName"[39m
              [36m>[39m
                [0mAd [0m
                [36m<span[39m
                  [33mclass[39m=[32m"auth-required"[39m
                [36m>[39m
                  [0m*[0m
                [36m</span>[39m
              [36m</label>[39m
              [36m<input[39m
                [33mautocomplete[39m=[32m"given-name"[39m
                [33mid[39m=[32m"reg-firstName"[39m
                [33mname[39m=[32m"firstName"[39m
                [33mplaceholder[39m=[32m"Ad─▒n─▒z"[39m
                [33mtype[39m=[32m"text"[39m
                [33mvalue[39m=[32m"Test"[39m
              [36m/>[39m
            [36m</div>[39m
            [36m<div[39m
              [33mclass[39m=[32m"auth-field"[39m
            [36m>[39m
              [36m<label[39m
                [33mfor[39m=[32m"reg-lastName"[39m
              [36m>[39m
                [0mSoyad [0m
                [36m<span[39m
                  [33mclass[39m=[32m"auth-required"[39m
                [36m>[39m
                  [0m*[0m
                [36m</span>[39m
              [36m</label>[39m
              [36m<input[39m
                [33mautocomplete[39m=[32m"family-name"[39m
                [33mid[39m=[32m"reg-lastName"[39m
                [33mname[39m=[32m"lastName"[39m
                [33mplaceholder[39m=[32m"Soyad─▒n─▒z"[39m
                [33mtype[39m=[32m"text"[39m
                [33mvalue[39m=[32m"Kullan─▒c─▒"[39m
              [36m/>[39m
            [36m</div>[39m
          [36m</div>[39m
          [36m<div[39m
            [33mclass[39m=[32m"auth-field"[39m
          [36m>[39m
            [36m<label[39m
              [33mfor[39m=[32m"reg-email"[39m
            [36m>[39m
              [0mE-posta [0m
              [36m<span[39m
                [33mclass[39m=[32m"auth-required"[39m
              [36m>[39m
                [0m*[0m
              [36m</span>[39m
            [36m</label>[39m
            [36m<input[39m
              [33mautocomplete[39m=[32m"email"[39m
              [33mid[39m=[32m"reg-email"[39m
              [33mname[39m=[32m"email"[39m
              [33mplaceholder[39m=[32m"ornek@cineseat.com"[39m
              [33mtype[39m=[32m"email"[39m
              [33mvalue[39m=[32m"berke@cineseat.com"[39m
            [36m/>[39m
          [36m</div>[39m
          [36m<div[39m
            [33mclass[39m=[32m"auth-field"[39m
          [36m>[39m
            [36m<label[39m
              [33mfor[39m=[32m"reg-username"[39m
            [36m>[39m
              [0mKullan─▒c─▒ Ad─▒ [0m
              [36m<span[39m
                [33mclass[39m=[32m"auth-required"[39m
              [36m>[39m
                [0m*[0m
              [36m</span>[39m
            [36m</label>[39m
            [36m<input[39m
              [33mautocomplete[39m=[32m"username"[39m
              [33mid[39m=[32m"reg-username"[39m
              [33mname[39m=[32m"username"[39m
              [33mplaceholder[39m=[32m"kullaniciadi"[39m
              [33mtype[39m=[32m"text"[39m
              [33mvalue[39m=[32m"yepyeni-kullanici-adi"[39m
            [36m/>[39m
            [36m<span[39m
              [33mclass[39m=[32m"auth-field-error"[39m
            [36m>[39m
              [0mKullan─▒c─▒ ad─▒ 5ÔÇô12 karakter, sadece ─░ngilizce harf ve rakam olmal─▒d─▒r.[0m
            [36m</span>[39m
          [36m</div>[39m
          [36m<div[39m
            [33mclass[39m=[32m"auth-row"[39m
          [36m>[39m
            [36m<div[39m
              [33mclass[39m=[32m"auth-field"[39m
            [36m>[39m
              [36m<label[39m
                [33mfor[39m=[32m"reg-password"[39m
              [36m>[39m
                [0m┼Şifre [0m
                [36m<span[39m
                  [33mclass[39m=[32m"auth-required"[39m
                [36m>[39m
                  [0m*[0m
                [36m</span>[39m
              [36m</label>[39m
              [36m<input[39m
                [33mautocomplete[39m=[32m"new-password"[39m
                [33mid[39m=[32m"reg-password"[39m
                [33mname[39m=[32m"password"[39m
                [33mplaceholder[39m=[32m"┼Şifreniz"[39m
                [33mtype[39m=[32m"password"[39m
                [33mvalue[39m=[32m"Test12"[39m
              [36m/>[39m
            [36m</div>[39m
            [36m<div[39m
              [33mclass[39m=[32m"auth-field"[39m
            [36m>[39m
              [36m<label[39m
                [33mfor[39m=[32m"reg-passwordConfirm"[39m
              [36m>[39m
                [0m┼Şifre (Tekrar) [0m
                [36m<span[39m
                  [33mclass[39m=[32m"auth-required"[39m
                [36m>[39m
                  [0m*[0m
                [36m</span>[39m
              [36m</label>[39m
              [36m<input[39m
                [33mautocomplete[39m=[32m"new-password"[39m
                [33mid[39m=[32m"reg-passwordConfirm"[39m
                [33mname[39m=[32m"passwordConfirm"[39m
                [33mplaceholder[39m=[32m"┼Şifrenizi tekrar giriniz"[39m
                [33mtype[39m=[32m"password"[39m
                [33mvalue[39m=[32m"Test12"[39m
              [36m/>[39m
            [36m</div>[39m
          [36m</div>[39m
          [36m<div[39m
            [33mclass[39m=[32m"auth-row"[39m
          [36m>[39m
            [36m<div[39m
              [33mclass[39m=[32m"auth-field"[39m
            [36m>[39m
              [36m<label[39m
                [33mfor[39m=[32m"reg-phone"[39m
              [36m>[39m
                [0mTelefon[0m
              [36m</label>[39m
              [36m<input[39m
                [33mautocomplete[39m=[32m"tel"[39m
                [33mid[39m=[32m"reg-phone"[39m
                [33mname[39m=[32m"phone"[39m
                [33mplaceholder[39m=[32m"05XX XXX XX XX"[39m
                [33mtype[39m=[32m"tel"[39m
                [33mvalue[39m=[32m""[39m
              [36m/>[39m
            [36m</div>[39m
            [36m<div[39m
              [33mclass[39m=[32m"auth-field"[39m
            [36m>[39m
              [36m<label[39m
                [33mfor[39m=[32m"reg-gender"[39m
              [36m>[39m
                [0mCinsiyet[0m
              [36m</label>[39m
              [36m<select[39m
                [33mid[39m=[32m"reg-gender"[39m
                [33mname[39m=[32m"gender"[39m
              [36m>[39m
                [36m<option[39m
                  [33mvalue[39m=[32m""[39m
                [36m>[39m
                  [0mBelirtmek istemiyorum[0m
                [36m</option>[39m
                [36m<option[39m
                  [33mvalue[39m=[32m"male"[39m
                [36m>[39m
                  [0mErkek[0m
                [36m</option>[39m
                [36m<option[39m
                  [33mvalue[39m=[32m"female"[39m
                [36m>[39m
                  [0mKad─▒n[0m
                [36m</option>[39m
                [36m<option[39m
                  [33mvalue[39m=[32m"other"[39m
                [36m>[39m
                  [0mDi─şer[0m
                [36m</option>[39m
              [36m</select>[39m
            [36m</div>[39m
          [36m</div>[39m
          [36m<button[39m
            [33mclass[39m=[32m"primary-button auth-submit"[39m
            [33mtype[39m=[32m"submit"[39m
          [36m>[39m
            [0mKay─▒t Ol[0m
          [36m</button>[39m
        [36m</form>[39m
        [36m<p[39m
          [33mclass[39m=[32m"auth-footer-text"[39m
        [36m>[39m
          [0mZaten hesab─▒n─▒z var m─▒?[0m
          [0m [0m
          [36m<a[39m
            [33mclass[39m=[32m"auth-link"[39m
            [33mdata-discover[39m=[32m"true"[39m
            [33mhref[39m=[32m"/login"[39m
          [36m>[39m
            [0mGiri┼ş Yap[0m
          [36m</a>[39m
        [36m</p>[39m
      [36m</div>[39m
    [36m</section>[39m
  [36m</div>[39m
[36m</body>[39m

Ignored nodes: comments, script, style
[36m<body>[39m
  [36m<div>[39m
    [36m<section[39m
      [33mclass[39m=[32m"auth-section"[39m
    [36m>[39m
      [36m<div[39m
        [33mclass[39m=[32m"auth-card auth-card--wide"[39m
      [36m>[39m
        [36m<div[39m
          [33mclass[39m=[32m"auth-header"[39m
        [36m>[39m
          [36m<h1>[39m
            [0mKay─▒t Ol[0m
          [36m</h1>[39m
          [36m<p>[39m
            [0mYeni bir CineSeat hesab─▒ olu┼şturun[0m
          [36m</p>[39m
        [36m</div>[39m
        [36m<form[39m
          [33mclass[39m=[32m"auth-form"[39m
          [33mnovalidate[39m=[32m""[39m
        [36m>[39m
          [36m<div[39m
            [33mclass[39m=[32m"auth-row"[39m
          [36m>[39m
            [36m<div[39m
              [33mclass[39m=[32m"auth-field"[39m
            [36m>[39m
              [36m<label[39m
                [33mfor[39m=[32m"reg-firstName"[39m
              [36m>[39m
                [0mAd [0m
                [36m<span[39m
                  [33mclass[39m=[32m"auth-required"[39m
                [36m>[39m
                  [0m*[0m
                [36m</span>[39m
              [36m</label>[39m
              [36m<input[39m
                [33mautocomplete[39m=[32m"given-name"[39m
                [33mid[39m=[32m"reg-firstName"[39m
                [33mname[39m=[32m"firstName"[39m
                [33mplaceholder[39m=[32m"Ad─▒n─▒z"[39m
                [33mtype[39m=[32m"text"[39m
                [33mvalue[39m=[32m"Test"[39m
              [36m/>[39m
            [36m</div>[39m
            [36m<div[39m
              [33mclass[39m=[32m"auth-field"[39m
            [36m>[39m
              [36m<label[39m
                [33mfor[39m=[32m"reg-lastName"[39m
              [36m>[39m
                [0mSoyad [0m
                [36m<span[39m
                  [33mclass[39m=[32m"auth-required"[39m
                [36m>[39m
                  [0m*[0m
                [36m</span>[39m
              [36m</label>[39m
              [36m<input[39m
                [33mautocomplete[39m=[32m"family-name"[39m
                [33mid[39m=[32m"reg-lastName"[39m
                [33mname[39m=[32m"lastName"[39m
                [33mplaceholder[39m=[32m"Soyad─▒n─▒z"[39m
                [33mtype[39m=[32m"text"[39m
                [33mvalue[39m=[32m"Kullan─▒c─▒"[39m
              [36m/>[39m
            [36m</div>[39m
          [36m</div>[39m
          [36m<div[39m
            [33mclass[39m=[32m"auth-field"[39m
          [36m>[39m
            [36m<label[39m
              [33mfor[39m=[32m"reg-email"[39m
            [36m>[39m
              [0mE-posta [0m
              [36m<span[39m
                [33mclass[39m=[32m"auth-required"[39m
              [36m>[39m
                [0m*[0m
              [36m</span>[39m
            [36m</label>[39m
            [36m<input[39m
              [33mautocomplete[39m=[32m"email"[39m
              [33mid[39m=[32m"reg-email"[39m
              [33mname[39m=[32m"email"[39m
              [33mplaceholder[39m=[32m"ornek@cineseat.com"[39m
              [33mtype[39m=[32m"email"[39m
              [33mvalue[39m=[32m"berke@cineseat.com"[39m
            [36m/>[39m
          [36m</div>[39m
          [36m<div[39m
            [33mclass[39m=[32m"auth-field"[39m
          [36m>[39m
            [36m<label[39m
              [33mfor[39m=[32m"reg-username"[39m
            [36m>[39m
              [0mKullan─▒c─▒ Ad─▒ [0m
              [36m<span[39m
                [33mclass[39m=[32m"auth-required"[39m
              [36m>[39m
                [0m*[0m
              [36m</span>[39m
            [36m</label>[39m
            [36m<input[39m
              [33mautocomplete[39m=[32m"username"[39m
              [33mid[39m=[32m"reg-username"[39m
              [33mname[39m=[32m"username"[39m
              [33mplaceholder[39m=[32m"kullaniciadi"[39m
              [33mtype[39m=[32m"text"[39m
              [33mvalue[39m=[32m"yepyeni-kullanici-adi"[39m
            [36m/>[39m
            [36m<span[39m
              [33mclass[39m=[32m"auth-field-error"[39m
            [36m>[39m
              [0mKullan─▒c─▒ ad─▒ 5ÔÇô12 karakter, sadece ─░ngilizce harf ve rakam olmal─▒d─▒r.[0m
            [36m</span>[39m
          [36m</div>[39m
          [36m<div[39m
            [33mclass[39m=[32m"auth-row"[39m
          [36m>[39m
            [36m<div[39m
              [33mclass[39m=[32m"auth-field"[39m
            [36m>[39m
              [36m<label[39m
                [33mfor[39m=[32m"reg-password"[39m
              [36m>[39m
                [0m┼Şifre [0m
                [36m<span[39m
                  [33mclass[39m=[32m"auth-required"[39m
                [36m>[39m
                  [0m*[0m
                [36m</span>[39m
              [36m</label>[39m
              [36m<input[39m
                [33mautocomplete[39m=[32m"new-password"[39m
                [33mid[39m=[32m"reg-password"[39m
                [33mname[39m=[32m"password"[39m
                [33mplaceholder[39m=[32m"┼Şifreniz"[39m
                [33mtype[39m=[32m"password"[39m
                [33mvalue[39m=[32m"Test12"[39m
              [36m/>[39m
            [36m</div>[39m
            [36m<div[39m
              [33mclass[39m=[32m"auth-field"[39m
            [36m>[39m
              [36m<label[39m
                [33mfor[39m=[32m"reg-passwordConfirm"[39m
              [36m>[39m
                [0m┼Şifre (Tekrar) [0m
                [36m<span[39m
                  [33mclass[39m=[32m"auth-required"[39m
                [36m>[39m
                  [0m*[0m
                [36m</span>[39m
              [36m</label>[39m
              [36m<input[39m
                [33mautocomplete[39m=[32m"new-password"[39m
                [33mid[39m=[32m"reg-passwordConfirm"[39m
                [33mname[39m=[32m"passwordConfirm"[39m
                [33mplaceholder[39m=[32m"┼Şifrenizi tekrar giriniz"[39m
                [33mtype[39m=[32m"password"[39m
                [33mvalue[39m=[32m"Test12"[39m
              [36m/>[39m
            [36m</div>[39m
          [36m</div>[39m
          [36m<div[39m
            [33mclass[39m=[32m"auth-row"[39m
          [36m>[39m
            [36m<div[39m
              [33mclass[39m=[32m"auth-field"[39m
            [36m>[39m
              [36m<label[39m
                [33mfor[39m=[32m"reg-phone"[39m
              [36m>[39m
                [0mTelefon[0m
              [36m</label>[39m
              [36m<input[39m
                [33mautocomplete[39m=[32m"tel"[39m
                [33mid[39m=[32m"reg-phone"[39m
                [33mname[39m=[32m"phone"[39m
                [33mplaceholder[39m=[32m"05XX XXX XX XX"[39m
                [33mtype[39m=[32m"tel"[39m
                [33mvalue[39m=[32m""[39m
              [36m/>[39m
            [36m</div>[39m
            [36m<div[39m
              [33mclass[39m=[32m"auth-field"[39m
            [36m>[39m
              [36m<label[39m
                [33mfor[39m=[32m"reg-gender"[39m
              [36m>[39m
                [0mCinsiyet[0m
              [36m</label>[39m
              [36m<select[39m
                [33mid[39m=[32m"reg-gender"[39m
                [33mname[39m=[32m"gender"[39m
              [36m>[39m
                [36m<option[39m
                  [33mvalue[39m=[32m""[39m
                [36m>[39m
                  [0mBelirtmek istemiyorum[0m
                [36m</option>[39m
                [36m<option[39m
                  [33mvalue[39m=[32m"male"[39m
                [36m>[39m
                  [0mErkek[0m
                [36m</option>[39m
                [36m<option[39m
                  [33mvalue[39m=[32m"female"[39m
                [36m>[39m
                  [0mKad─▒n[0m
                [36m</option>[39m
                [36m<option[39m
                  [33mvalue[39m=[32m"other"[39m
                [36m>[39m
                  [0mDi─şer[0m
                [36m</option>[39m
              [36m</select>[39m
            [36m</div>[39m
          [36m</div>[39m
          [36m<button[39m
            [33mclass[39m=[32m"primary-button auth-submit"[39m
            [33mtype[39m=[32m"submit"[39m
          [36m>[39m
            [0mKay─▒t Ol[0m
          [36m</button>[39m
        [36m</form>[39m
        [36m<p[39m
          [33mclass[39m=[32m"auth-footer-text"[39m
        [36m>[39m
          [0mZaten hesab─▒n─▒z var m─▒?[0m
          [0m [0m
          [36m<a[39m
            [33mclass[39m=[32m"auth-link"[39m
            [33mdata-discover[39m=[32m"true"[39m
            [33mhref[39m=[32m"/login"[39m
          [36m>[39m
            [0mGiri┼ş Yap[0m
          [36m</a>[39m
        [36m</p>[39m
      [36m</div>[39m
    [36m</section>[39m
  [36m</div>[39m
[36m</body>[39m
[90m [2mÔØ»[22m waitForWrapper ../node_modules/@testing-library/dom/dist/wait-for.js:[2m163:27[22m[39m
[90m [2mÔØ»[22m ../node_modules/@testing-library/dom/dist/query-helpers.js:[2m86:33[22m[39m
[36m [2mÔØ»[22m src/pages/RegisterPage.test.jsx:[2m123:20[22m[39m
    [90m121|[39m
    [90m122|[39m     [34mexpect[39m(
    [90m123|[39m       [35mawait[39m screen[33m.[39m[34mfindByText[39m(
    [90m   |[39m                    [31m^[39m
    [90m124|[39m         [32m"Bu e-posta adresi zaten kay─▒tl─▒."[39m
    [90m125|[39m       )

[31m[2mÔÄ»ÔÄ»ÔÄ»ÔÄ»ÔÄ»ÔÄ»ÔÄ»ÔÄ»ÔÄ»ÔÄ»ÔÄ»ÔÄ»ÔÄ»ÔÄ»ÔÄ»ÔÄ»ÔÄ»ÔÄ»ÔÄ»ÔÄ»ÔÄ»ÔÄ»[11/24]ÔÄ»[22m[39m

[41m[1m FAIL [22m[49m src/components/routing/ProtectedRoute.test.jsx[2m > [22mProtectedRoute[2m > [22mgiri┼ş ya
pmam─▒┼ş kullan─▒c─▒y─▒ admin rotas─▒ndan ana sayfaya y├Ânlendirir
[31m[1mTestingLibraryElementError[22m: Unable to find an element with the text: Ana sayfa. This could be because the
 text is broken up by multiple elements. In this case, you can provide a function for your text matcher to make your ma
tcher more flexible.

Ignored nodes: comments, script, style
[36m<body>[31m
  [36m<div />[31m
[36m</body>[31m[39m
[90m [2mÔØ»[22m Object.getElementError ../node_modules/@testing-library/dom/dist/config.js:[2m37:19[22m[39m
[90m [2mÔØ»[22m ../node_modules/@testing-library/dom/dist/query-helpers.js:[2m76:38[22m[39m
[90m [2mÔØ»[22m ../node_modules/@testing-library/dom/dist/query-helpers.js:[2m52:17[22m[39m
[90m [2mÔØ»[22m ../node_modules/@testing-library/dom/dist/query-helpers.js:[2m95:19[22m[39m
[36m [2mÔØ»[22m src/components/routing/ProtectedRoute.test.jsx:[2m40:19[22m[39m
    [90m 38|[39m     [34mrenderProtectedAdminRoute[39m()[33m;[39m
    [90m 39|[39m
    [90m 40|[39m     [34mexpect[39m(screen[33m.[39m[34mgetByText[39m([32m"Ana sayfa"[39m))[33m.[39m[34mtoB
eInTheDocument[39m()[33m;[39m
    [90m   |[39m                   [31m^[39m
    [90m 41|[39m     [34mexpect[39m(
    [90m 42|[39m       screen[33m.[39m[34mqueryByText[39m([32m"Admin i├ğeri─şi"[39m)

[31m[2mÔÄ»ÔÄ»ÔÄ»ÔÄ»ÔÄ»ÔÄ»ÔÄ»ÔÄ»ÔÄ»ÔÄ»ÔÄ»ÔÄ»ÔÄ»ÔÄ»ÔÄ»ÔÄ»ÔÄ»ÔÄ»ÔÄ»ÔÄ»ÔÄ»ÔÄ»[12/24]ÔÄ»[22m[39m

[41m[1m FAIL [22m[49m src/components/routing/ProtectedRoute.test.jsx[2m > [22mProtectedRoute[2m > [22mmember ro
l├╝ndeki kullan─▒c─▒y─▒ admin rotas─▒ndan ana sayfaya y├Ânlendirir
[31m[1mTestingLibraryElementError[22m: Unable to find an element with the text: Ana sayfa. This could be because the
 text is broken up by multiple elements. In this case, you can provide a function for your text matcher to make your ma
tcher more flexible.

Ignored nodes: comments, script, style
[36m<body>[31m
  [36m<div />[31m
[36m</body>[31m[39m
[90m [2mÔØ»[22m Object.getElementError ../node_modules/@testing-library/dom/dist/config.js:[2m37:19[22m[39m
[90m [2mÔØ»[22m ../node_modules/@testing-library/dom/dist/query-helpers.js:[2m76:38[22m[39m
[90m [2mÔØ»[22m ../node_modules/@testing-library/dom/dist/query-helpers.js:[2m52:17[22m[39m
[90m [2mÔØ»[22m ../node_modules/@testing-library/dom/dist/query-helpers.js:[2m95:19[22m[39m
[36m [2mÔØ»[22m src/components/routing/ProtectedRoute.test.jsx:[2m59:19[22m[39m
    [90m 57|[39m     [34mrenderProtectedAdminRoute[39m()[33m;[39m
    [90m 58|[39m
    [90m 59|[39m     [34mexpect[39m(screen[33m.[39m[34mgetByText[39m([32m"Ana sayfa"[39m))[33m.[39m[34mtoB
eInTheDocument[39m()[33m;[39m
    [90m   |[39m                   [31m^[39m
    [90m 60|[39m     [34mexpect[39m(
    [90m 61|[39m       screen[33m.[39m[34mqueryByText[39m([32m"Admin i├ğeri─şi"[39m)

[31m[2mÔÄ»ÔÄ»ÔÄ»ÔÄ»ÔÄ»ÔÄ»ÔÄ»ÔÄ»ÔÄ»ÔÄ»ÔÄ»ÔÄ»ÔÄ»ÔÄ»ÔÄ»ÔÄ»ÔÄ»ÔÄ»ÔÄ»ÔÄ»ÔÄ»ÔÄ»[13/24]ÔÄ»[22m[39m

[31mÔÄ»ÔÄ»ÔÄ»ÔÄ»ÔÄ»ÔÄ»[39m[1m[41m Unhandled Errors [49m[22m[31mÔÄ»ÔÄ»ÔÄ»ÔÄ»ÔÄ»ÔÄ»[39m
[31m[1m
Vitest caught 8 unhandled errors during the test run.
This might cause false positive tests. Resolve unhandled errors to make sure your tests are not affected.[22m[39m

[31mÔÄ»ÔÄ»ÔÄ»ÔÄ»ÔÄ»[39m[1m[41m Uncaught Exception [49m[22m[31mÔÄ»ÔÄ»ÔÄ»ÔÄ»ÔÄ»[39m
[31m[1mError[22m: useWatchlist must be used within a WatchlistProvider[39m
[36m [2mÔØ»[22m useWatchlist src/context/WatchlistContext.jsx:[2m88:11[22m[39m
    [90m 86|[39m   [35mconst[39m context [33m=[39m [34museContext[39m([33mWatchlistContext[39m)[33m;[39m
    [90m 87|[39m   [35mif[39m ([33m![39mcontext) {
    [90m 88|[39m     throw new Error("useWatchlist must be used within a WatchlistProviÔÇĞ
    [90m   |[39m           [31m^[39m
    [90m 89|[39m   }
    [90m 90|[39m   [35mreturn[39m context[33m;[39m
[90m [2mÔØ»[22m MovieCard src/components/movies/MovieCard.jsx:[2m24:53[22m[39m
[90m [2mÔØ»[22m Object.react_stack_bottom_frame ../node_modules/react-dom/cjs/react-dom-client.development.js:[2m25
904:20[22m[39m
[90m [2mÔØ»[22m renderWithHooks ../node_modules/react-dom/cjs/react-dom-client.development.js:[2m7662:22[22m[39m
[90m [2mÔØ»[22m updateFunctionComponent ../node_modules/react-dom/cjs/react-dom-client.development.js:[2m10166:19[
22m[39m
[90m [2mÔØ»[22m beginWork ../node_modules/react-dom/cjs/react-dom-client.development.js:[2m11778:18[22m[39m
[90m [2mÔØ»[22m runWithFiberInDEV ../node_modules/react-dom/cjs/react-dom-client.development.js:[2m874:13[22m[39m
[90m [2mÔØ»[22m performUnitOfWork ../node_modules/react-dom/cjs/react-dom-client.development.js:[2m17641:22[22m[3
9m
[90m [2mÔØ»[22m workLoopSync ../node_modules/react-dom/cjs/react-dom-client.development.js:[2m17469:41[22m[39m
[90m [2mÔØ»[22m renderRootSync ../node_modules/react-dom/cjs/react-dom-client.development.js:[2m17450:11[22m[39m

[31mThis error originated in "[1msrc/pages/HomePage.test.jsx[22m" test file. It doesn't mean the error was thrown in
side the file itself, but while it was running.[39m
[31mThe latest test that might've caused the error is "[1mvarsay─▒lan olarak Vizyonda sekmesini g├Âsterir[22m". It m
ight mean one of the following:
- The error was thrown, while Vitest was running this test.
- If the error occurred after the test had been completed, this was the last documented test before it was thrown.[39m

[31mÔÄ»ÔÄ»ÔÄ»ÔÄ»ÔÄ»[39m[1m[41m Uncaught Exception [49m[22m[31mÔÄ»ÔÄ»ÔÄ»ÔÄ»ÔÄ»[39m
[31m[1mError[22m: useWatchlist must be used within a WatchlistProvider[39m
[36m [2mÔØ»[22m useWatchlist src/context/WatchlistContext.jsx:[2m88:11[22m[39m
    [90m 86|[39m   [35mconst[39m context [33m=[39m [34museContext[39m([33mWatchlistContext[39m)[33m;[39m
    [90m 87|[39m   [35mif[39m ([33m![39mcontext) {
    [90m 88|[39m     throw new Error("useWatchlist must be used within a WatchlistProviÔÇĞ
    [90m   |[39m           [31m^[39m
    [90m 89|[39m   }
    [90m 90|[39m   [35mreturn[39m context[33m;[39m
[90m [2mÔØ»[22m MovieCard src/components/movies/MovieCard.jsx:[2m24:53[22m[39m
[90m [2mÔØ»[22m Object.react_stack_bottom_frame ../node_modules/react-dom/cjs/react-dom-client.development.js:[2m25
904:20[22m[39m
[90m [2mÔØ»[22m renderWithHooks ../node_modules/react-dom/cjs/react-dom-client.development.js:[2m7662:22[22m[39m
[90m [2mÔØ»[22m updateFunctionComponent ../node_modules/react-dom/cjs/react-dom-client.development.js:[2m10166:19[
22m[39m
[90m [2mÔØ»[22m beginWork ../node_modules/react-dom/cjs/react-dom-client.development.js:[2m11778:18[22m[39m
[90m [2mÔØ»[22m runWithFiberInDEV ../node_modules/react-dom/cjs/react-dom-client.development.js:[2m874:13[22m[39m
[90m [2mÔØ»[22m performUnitOfWork ../node_modules/react-dom/cjs/react-dom-client.development.js:[2m17641:22[22m[3
9m
[90m [2mÔØ»[22m workLoopSync ../node_modules/react-dom/cjs/react-dom-client.development.js:[2m17469:41[22m[39m
[90m [2mÔØ»[22m renderRootSync ../node_modules/react-dom/cjs/react-dom-client.development.js:[2m17450:11[22m[39m

[31mThis error originated in "[1msrc/pages/HomePage.test.jsx[22m" test file. It doesn't mean the error was thrown in
side the file itself, but while it was running.[39m
[31mThe latest test that might've caused the error is "[1mYak─▒nda sekmesine ge├ğince sayfa yenilenmeden ilgili filml
eri ve kalan g├╝n say─▒s─▒n─▒ g├Âsterir[22m". It might mean one of the following:
- The error was thrown, while Vitest was running this test.
- If the error occurred after the test had been completed, this was the last documented test before it was thrown.[39m

[31mÔÄ»ÔÄ»ÔÄ»ÔÄ»ÔÄ»[39m[1m[41m Uncaught Exception [49m[22m[31mÔÄ»ÔÄ»ÔÄ»ÔÄ»ÔÄ»[39m
[31m[1mError[22m: useWatchlist must be used within a WatchlistProvider[39m
[36m [2mÔØ»[22m useWatchlist src/context/WatchlistContext.jsx:[2m88:11[22m[39m
    [90m 86|[39m   [35mconst[39m context [33m=[39m [34museContext[39m([33mWatchlistContext[39m)[33m;[39m
    [90m 87|[39m   [35mif[39m ([33m![39mcontext) {
    [90m 88|[39m     throw new Error("useWatchlist must be used within a WatchlistProviÔÇĞ
    [90m   |[39m           [31m^[39m
    [90m 89|[39m   }
    [90m 90|[39m   [35mreturn[39m context[33m;[39m
[90m [2mÔØ»[22m MovieCard src/components/movies/MovieCard.jsx:[2m24:53[22m[39m
[90m [2mÔØ»[22m Object.react_stack_bottom_frame ../node_modules/react-dom/cjs/react-dom-client.development.js:[2m25
904:20[22m[39m
[90m [2mÔØ»[22m renderWithHooks ../node_modules/react-dom/cjs/react-dom-client.development.js:[2m7662:22[22m[39m
[90m [2mÔØ»[22m updateFunctionComponent ../node_modules/react-dom/cjs/react-dom-client.development.js:[2m10166:19[
22m[39m
[90m [2mÔØ»[22m beginWork ../node_modules/react-dom/cjs/react-dom-client.development.js:[2m11778:18[22m[39m
[90m [2mÔØ»[22m runWithFiberInDEV ../node_modules/react-dom/cjs/react-dom-client.development.js:[2m874:13[22m[39m
[90m [2mÔØ»[22m performUnitOfWork ../node_modules/react-dom/cjs/react-dom-client.development.js:[2m17641:22[22m[3
9m
[90m [2mÔØ»[22m workLoopSync ../node_modules/react-dom/cjs/react-dom-client.development.js:[2m17469:41[22m[39m
[90m [2mÔØ»[22m renderRootSync ../node_modules/react-dom/cjs/react-dom-client.development.js:[2m17450:11[22m[39m

[31mThis error originated in "[1msrc/pages/HomePage.test.jsx[22m" test file. It doesn't mean the error was thrown in
side the file itself, but while it was running.[39m
[31mThe latest test that might've caused the error is "[1mbir sekmede film yoksa bo┼ş durum mesaj─▒ g├Âsterir[22m". 
It might mean one of the following:
- The error was thrown, while Vitest was running this test.
- If the error occurred after the test had been completed, this was the last documented test before it was thrown.[39m

[31mÔÄ»ÔÄ»ÔÄ»ÔÄ»ÔÄ»[39m[1m[41m Uncaught Exception [49m[22m[31mÔÄ»ÔÄ»ÔÄ»ÔÄ»ÔÄ»[39m
[31m[1mError[22m: useWatchlist must be used within a WatchlistProvider[39m
[36m [2mÔØ»[22m useWatchlist src/context/WatchlistContext.jsx:[2m88:11[22m[39m
    [90m 86|[39m   [35mconst[39m context [33m=[39m [34museContext[39m([33mWatchlistContext[39m)[33m;[39m
    [90m 87|[39m   [35mif[39m ([33m![39mcontext) {
    [90m 88|[39m     throw new Error("useWatchlist must be used within a WatchlistProviÔÇĞ
    [90m   |[39m           [31m^[39m
    [90m 89|[39m   }
    [90m 90|[39m   [35mreturn[39m context[33m;[39m
[90m [2mÔØ»[22m MovieCard src/components/movies/MovieCard.jsx:[2m24:53[22m[39m
[90m [2mÔØ»[22m Object.react_stack_bottom_frame ../node_modules/react-dom/cjs/react-dom-client.development.js:[2m25
904:20[22m[39m
[90m [2mÔØ»[22m renderWithHooks ../node_modules/react-dom/cjs/react-dom-client.development.js:[2m7662:22[22m[39m
[90m [2mÔØ»[22m updateFunctionComponent ../node_modules/react-dom/cjs/react-dom-client.development.js:[2m10166:19[
22m[39m
[90m [2mÔØ»[22m beginWork ../node_modules/react-dom/cjs/react-dom-client.development.js:[2m11778:18[22m[39m
[90m [2mÔØ»[22m runWithFiberInDEV ../node_modules/react-dom/cjs/react-dom-client.development.js:[2m874:13[22m[39m
[90m [2mÔØ»[22m performUnitOfWork ../node_modules/react-dom/cjs/react-dom-client.development.js:[2m17641:22[22m[3
9m
[90m [2mÔØ»[22m workLoopSync ../node_modules/react-dom/cjs/react-dom-client.development.js:[2m17469:41[22m[39m
[90m [2mÔØ»[22m renderRootSync ../node_modules/react-dom/cjs/react-dom-client.development.js:[2m17450:11[22m[39m

[31mThis error originated in "[1msrc/pages/HomePage.test.jsx[22m" test file. It doesn't mean the error was thrown in
side the file itself, but while it was running.[39m
[31mThe latest test that might've caused the error is "[1mvizyon s├╝resi dolan (ar┼şivlenmi┼ş) filmi hi├ğbir sekmede 
g├Âstermez[22m". It might mean one of the following:
- The error was thrown, while Vitest was running this test.
- If the error occurred after the test had been completed, this was the last documented test before it was thrown.[39m

[31mÔÄ»ÔÄ»ÔÄ»ÔÄ»ÔÄ»[39m[1m[41m Uncaught Exception [49m[22m[31mÔÄ»ÔÄ»ÔÄ»ÔÄ»ÔÄ»[39m
[31m[1mError[22m: useWatchlist must be used within a WatchlistProvider[39m
[36m [2mÔØ»[22m useWatchlist src/context/WatchlistContext.jsx:[2m88:11[22m[39m
    [90m 86|[39m   [35mconst[39m context [33m=[39m [34museContext[39m([33mWatchlistContext[39m)[33m;[39m
    [90m 87|[39m   [35mif[39m ([33m![39mcontext) {
    [90m 88|[39m     throw new Error("useWatchlist must be used within a WatchlistProviÔÇĞ
    [90m   |[39m           [31m^[39m
    [90m 89|[39m   }
    [90m 90|[39m   [35mreturn[39m context[33m;[39m
[90m [2mÔØ»[22m MovieCard src/components/movies/MovieCard.jsx:[2m24:53[22m[39m
[90m [2mÔØ»[22m Object.react_stack_bottom_frame ../node_modules/react-dom/cjs/react-dom-client.development.js:[2m25
904:20[22m[39m
[90m [2mÔØ»[22m renderWithHooks ../node_modules/react-dom/cjs/react-dom-client.development.js:[2m7662:22[22m[39m
[90m [2mÔØ»[22m updateFunctionComponent ../node_modules/react-dom/cjs/react-dom-client.development.js:[2m10166:19[
22m[39m
[90m [2mÔØ»[22m beginWork ../node_modules/react-dom/cjs/react-dom-client.development.js:[2m11778:18[22m[39m
[90m [2mÔØ»[22m runWithFiberInDEV ../node_modules/react-dom/cjs/react-dom-client.development.js:[2m874:13[22m[39m
[90m [2mÔØ»[22m performUnitOfWork ../node_modules/react-dom/cjs/react-dom-client.development.js:[2m17641:22[22m[3
9m
[90m [2mÔØ»[22m workLoopSync ../node_modules/react-dom/cjs/react-dom-client.development.js:[2m17469:41[22m[39m
[90m [2mÔØ»[22m renderRootSync ../node_modules/react-dom/cjs/react-dom-client.development.js:[2m17450:11[22m[39m

[31mThis error originated in "[1msrc/pages/HomePage.test.jsx[22m" test file. It doesn't mean the error was thrown in
side the file itself, but while it was running.[39m
[31mThe latest test that might've caused the error is "[1mvarsay─▒lan s─▒ralama vizyon tarihine g├Âre yeniden eskiyed
ir[22m". It might mean one of the following:
- The error was thrown, while Vitest was running this test.
- If the error occurred after the test had been completed, this was the last documented test before it was thrown.[39m

[31mÔÄ»ÔÄ»ÔÄ»ÔÄ»ÔÄ»[39m[1m[41m Uncaught Exception [49m[22m[31mÔÄ»ÔÄ»ÔÄ»ÔÄ»ÔÄ»[39m
[31m[1mError[22m: useWatchlist must be used within a WatchlistProvider[39m
[36m [2mÔØ»[22m useWatchlist src/context/WatchlistContext.jsx:[2m88:11[22m[39m
    [90m 86|[39m   [35mconst[39m context [33m=[39m [34museContext[39m([33mWatchlistContext[39m)[33m;[39m
    [90m 87|[39m   [35mif[39m ([33m![39mcontext) {
    [90m 88|[39m     throw new Error("useWatchlist must be used within a WatchlistProviÔÇĞ
    [90m   |[39m           [31m^[39m
    [90m 89|[39m   }
    [90m 90|[39m   [35mreturn[39m context[33m;[39m
[90m [2mÔØ»[22m MovieCard src/components/movies/MovieCard.jsx:[2m24:53[22m[39m
[90m [2mÔØ»[22m Object.react_stack_bottom_frame ../node_modules/react-dom/cjs/react-dom-client.development.js:[2m25
904:20[22m[39m
[90m [2mÔØ»[22m renderWithHooks ../node_modules/react-dom/cjs/react-dom-client.development.js:[2m7662:22[22m[39m
[90m [2mÔØ»[22m updateFunctionComponent ../node_modules/react-dom/cjs/react-dom-client.development.js:[2m10166:19[
22m[39m
[90m [2mÔØ»[22m beginWork ../node_modules/react-dom/cjs/react-dom-client.development.js:[2m11778:18[22m[39m
[90m [2mÔØ»[22m runWithFiberInDEV ../node_modules/react-dom/cjs/react-dom-client.development.js:[2m874:13[22m[39m
[90m [2mÔØ»[22m performUnitOfWork ../node_modules/react-dom/cjs/react-dom-client.development.js:[2m17641:22[22m[3
9m
[90m [2mÔØ»[22m workLoopSync ../node_modules/react-dom/cjs/react-dom-client.development.js:[2m17469:41[22m[39m
[90m [2mÔØ»[22m renderRootSync ../node_modules/react-dom/cjs/react-dom-client.development.js:[2m17450:11[22m[39m

[31mThis error originated in "[1msrc/pages/HomePage.test.jsx[22m" test file. It doesn't mean the error was thrown in
side the file itself, but while it was running.[39m
[31mThe latest test that might've caused the error is "[1mpuana g├Âre s─▒ralama se├ğilince s─▒ray─▒ de─şi┼ştirir[22m
". It might mean one of the following:
- The error was thrown, while Vitest was running this test.
- If the error occurred after the test had been completed, this was the last documented test before it was thrown.[39m

[31mÔÄ»ÔÄ»ÔÄ»ÔÄ»ÔÄ»[39m[1m[41m Uncaught Exception [49m[22m[31mÔÄ»ÔÄ»ÔÄ»ÔÄ»ÔÄ»[39m
[31m[1mError[22m: useWatchlist must be used within a WatchlistProvider[39m
[36m [2mÔØ»[22m useWatchlist src/context/WatchlistContext.jsx:[2m88:11[22m[39m
    [90m 86|[39m   [35mconst[39m context [33m=[39m [34museContext[39m([33mWatchlistContext[39m)[33m;[39m
    [90m 87|[39m   [35mif[39m ([33m![39mcontext) {
    [90m 88|[39m     throw new Error("useWatchlist must be used within a WatchlistProviÔÇĞ
    [90m   |[39m           [31m^[39m
    [90m 89|[39m   }
    [90m 90|[39m   [35mreturn[39m context[33m;[39m
[90m [2mÔØ»[22m MovieCard src/components/movies/MovieCard.jsx:[2m24:53[22m[39m
[90m [2mÔØ»[22m Object.react_stack_bottom_frame ../node_modules/react-dom/cjs/react-dom-client.development.js:[2m25
904:20[22m[39m
[90m [2mÔØ»[22m renderWithHooks ../node_modules/react-dom/cjs/react-dom-client.development.js:[2m7662:22[22m[39m
[90m [2mÔØ»[22m updateFunctionComponent ../node_modules/react-dom/cjs/react-dom-client.development.js:[2m10166:19[
22m[39m
[90m [2mÔØ»[22m beginWork ../node_modules/react-dom/cjs/react-dom-client.development.js:[2m11778:18[22m[39m
[90m [2mÔØ»[22m runWithFiberInDEV ../node_modules/react-dom/cjs/react-dom-client.development.js:[2m874:13[22m[39m
[90m [2mÔØ»[22m performUnitOfWork ../node_modules/react-dom/cjs/react-dom-client.development.js:[2m17641:22[22m[3
9m
[90m [2mÔØ»[22m workLoopSync ../node_modules/react-dom/cjs/react-dom-client.development.js:[2m17469:41[22m[39m
[90m [2mÔØ»[22m renderRootSync ../node_modules/react-dom/cjs/react-dom-client.development.js:[2m17450:11[22m[39m

[31mThis error originated in "[1msrc/pages/HomePage.test.jsx[22m" test file. It doesn't mean the error was thrown in
side the file itself, but while it was running.[39m
[31mThe latest test that might've caused the error is "[1mt├╝re g├Âre filtreleyince e┼şle┼şmeyen filmi gizler[22m". 
It might mean one of the following:
- The error was thrown, while Vitest was running this test.
- If the error occurred after the test had been completed, this was the last documented test before it was thrown.[39m

[31mÔÄ»ÔÄ»ÔÄ»ÔÄ»ÔÄ»[39m[1m[41m Uncaught Exception [49m[22m[31mÔÄ»ÔÄ»ÔÄ»ÔÄ»ÔÄ»[39m
[31m[1mError[22m: useWatchlist must be used within a WatchlistProvider[39m
[36m [2mÔØ»[22m useWatchlist src/context/WatchlistContext.jsx:[2m88:11[22m[39m
    [90m 86|[39m   [35mconst[39m context [33m=[39m [34museContext[39m([33mWatchlistContext[39m)[33m;[39m
    [90m 87|[39m   [35mif[39m ([33m![39mcontext) {
    [90m 88|[39m     throw new Error("useWatchlist must be used within a WatchlistProviÔÇĞ
    [90m   |[39m           [31m^[39m
    [90m 89|[39m   }
    [90m 90|[39m   [35mreturn[39m context[33m;[39m
[90m [2mÔØ»[22m MovieCard src/components/movies/MovieCard.jsx:[2m24:53[22m[39m
[90m [2mÔØ»[22m Object.react_stack_bottom_frame ../node_modules/react-dom/cjs/react-dom-client.development.js:[2m25
904:20[22m[39m
[90m [2mÔØ»[22m renderWithHooks ../node_modules/react-dom/cjs/react-dom-client.development.js:[2m7662:22[22m[39m
[90m [2mÔØ»[22m updateFunctionComponent ../node_modules/react-dom/cjs/react-dom-client.development.js:[2m10166:19[
22m[39m
[90m [2mÔØ»[22m beginWork ../node_modules/react-dom/cjs/react-dom-client.development.js:[2m11778:18[22m[39m
[90m [2mÔØ»[22m runWithFiberInDEV ../node_modules/react-dom/cjs/react-dom-client.development.js:[2m874:13[22m[39m
[90m [2mÔØ»[22m performUnitOfWork ../node_modules/react-dom/cjs/react-dom-client.development.js:[2m17641:22[22m[3
9m
[90m [2mÔØ»[22m workLoopSync ../node_modules/react-dom/cjs/react-dom-client.development.js:[2m17469:41[22m[39m
[90m [2mÔØ»[22m renderRootSync ../node_modules/react-dom/cjs/react-dom-client.development.js:[2m17450:11[22m[39m

[31mThis error originated in "[1msrc/pages/HomePage.test.jsx[22m" test file. It doesn't mean the error was thrown in
side the file itself, but while it was running.[39m
[31mThe latest test that might've caused the error is "[1mfiltre sonucu bo┼şsa 'e┼şle┼şen film yok' mesaj─▒ g├Âsterir
[22m". It might mean one of the following:
- The error was thrown, while Vitest was running this test.
- If the error occurred after the test had been completed, this was the last documented test before it was thrown.[39m
[31mÔÄ»ÔÄ»ÔÄ»ÔÄ»ÔÄ»ÔÄ»ÔÄ»ÔÄ»ÔÄ»ÔÄ»ÔÄ»ÔÄ»ÔÄ»ÔÄ»ÔÄ»ÔÄ»ÔÄ»ÔÄ»ÔÄ»ÔÄ»ÔÄ»ÔÄ»ÔÄ»ÔÄ»ÔÄ»ÔÄ»ÔÄ»ÔÄ»ÔÄ»ÔÄ»[39m

[2m Test Files [22m [1m[31m5 failed[39m[22m[2m | [22m[1m[32m15 passed[39m[22m[90m (20)[39m
[2m      Tests [22m [1m[31m24 failed[39m[22m[2m | [22m[1m[32m140 passed[39m[22m[90m (164)[39m
[2m     Errors [22m [1m[31m8 errors[39m[22m
[2m   Start at [22m 14:48:43
[2m   Duration [22m 11.47s[2m (transform 2.55s, setup 9.13s, import 3.97s, tests 27.34s, environment 44.57s)[22m


